[orchardsophias.com.sg/index.html]
[backblue.gif]
[fade.gif]
[index.html]
[fonts.googleapis.com/index.html]
[orchardsophias.com.sg/wp-content/themes/astra/assets/css/minified/main.min8aee.css]
[orchardsophias.com.sg/feed/index.html]
[orchardsophias.com.sg/comments/feed/index.html]
[orchardsophias.com.sg/wp-content/plugins/contact-form-7/includes/css/stylese2db.css]
[orchardsophias.com.sg/wp-content/themes/astra/assets/css/minified/compatibility/contact-form-7-main.min8aee.css]
[orchardsophias.com.sg/wp-content/uploads/astra-addon/astra-addon-65d41bcc402278-1630992082d0.css]
[orchardsophias.com.sg/wp-content/plugins/elementor/assets/css/frontend-lite.min34a7.css]
[orchardsophias.com.sg/wp-content/uploads/elementor/css/post-556e154.css]
[orchardsophias.com.sg/wp-content/plugins/elementor/assets/lib/eicons/css/elementor-icons.min50c3.css]
[orchardsophias.com.sg/wp-content/plugins/elementor/assets/lib/swiper/css/swiper.min48f5.css]
[orchardsophias.com.sg/wp-content/uploads/elementor/css/post-9e154.css]
[orchardsophias.com.sg/wp-content/plugins/elementor-pro/assets/css/frontend-lite.min2c7c.css]
[orchardsophias.com.sg/wp-content/plugins/ultimate-elementor/assets/min-css/uael-frontend.minc275.css]
[orchardsophias.com.sg/wp-content/uploads/elementor/css/global9dbb.css]
[orchardsophias.com.sg/wp-content/uploads/elementor/css/post-149dbb.css]
[orchardsophias.com.sg/wp-content/uploads/elementor/css/post-17529dbb.css]
[orchardsophias.com.sg/wp-content/uploads/elementor/css/post-16169dbb.css]
[orchardsophias.com.sg/wp-content/uploads/elementor/css/post-4839dbb.css]
[orchardsophias.com.sg/wp-content/plugins/elementor/assets/lib/font-awesome/css/fontawesome.min52d5.css]
[orchardsophias.com.sg/wp-content/plugins/elementor/assets/lib/font-awesome/css/solid.min52d5.css]
[orchardsophias.com.sg/wp-includes/js/jquery/jquery.minf43b.js]
[orchardsophias.com.sg/wp-includes/js/jquery/jquery-migrate.min5589.js]
[orchardsophias.com.sg/wp-content/plugins/unlimited-elementor-inner-sections-by-boomdevs/public/js/euis-public4b68.js]
[orchardsophias.com.sg/wp-json/wp/v2/pages/14.json]
[orchardsophias.com.sg/wp-json/index.html]
[orchardsophias.com.sg/xmlrpc0db0.php]
[orchardsophias.com.sg/wp-json/oembed/1.0/embedb953.json]
[orchardsophias.com.sg/wp-json/oembed/1.0/embed1f4d]
[orchardsophias.com.sg/wp-content/uploads/location-pin.svg]
[orchardsophias.com.sg/wp-content/uploads/tenure.svg]
[orchardsophias.com.sg/wp-content/uploads/floorplan.svg]
[orchardsophias.com.sg/wp-content/uploads/calendar.svg]
[orchardsophias.com.sg/wp-content/uploads/size-icon.svg]
[orchardsophias.com.sg/wp-content/uploads/carpark-icon.svg]
[orchardsophias.com.sg/wp-content/uploads/contractor-icon.svg]
[orchardsophias.com.sg/wp-content/uploads/lot-number.svg]
[orchardsophias.com.sg/wp-content/uploads/architect-icon.svg]
[orchardsophias.com.sg/wp-content/uploads/mrt.svg]
[orchardsophias.com.sg/wp-content/uploads/mobilephone.svg]
[orchardsophias.com.sg/wp-content/uploads/orchard_sophia_condo_logo-150x46.png]
[orchardsophias.com.sg/wp-content/uploads/location_map_for_orchard_sophia_condo_at_sophia_road_by_DB2land.jpg]
[orchardsophias.com.sg/site-plan/index.html]
[orchardsophias.com.sg/floor-plans/index.html]
[orchardsophias.com.sg/gallery/index.html]
[orchardsophias.com.sg/wp-content/uploads/roof_top_dining_orchard_sophia_condo_at_sophia_road_by_DB2land-1024x575.jpg]
[orchardsophias.com.sg/wp-content/uploads/pool_of_orchard_sophia_condo_at_sophia_road_by_DB2land-1024x575.jpg]
[orchardsophias.com.sg/video/index.html]
[orchardsophias.com.sg/wp-content/uploads/schematic_diagram_for_orchard_sophia_condo_at_sophia_road_by_DB2land.jpg]
[orchardsophias.com.sg/wp-content/uploads/db2land_logo_of_developer_for_orchard_sophia_condo_at_sophia_road.png]
[orchardsophias.com.sg/brochure/index.html]
[orchardsophias.com.sg/wp-content/uploads/lobby_of_orchard_sophia_condo_at_sophia_road_by_DB2land-1024x575.jpg]
[orchardsophias.com.sg/wp-content/uploads/the-continuum-condo-logo.2f.delayed]
[orchardsophias.com.sg/wp-content/uploads/elementor/css/post-438511.css]
[orchardsophias.com.sg/wp-content/uploads/elementor/css/post-2300e32c.css]
[orchardsophias.com.sg/wp-content/uploads/elementor/css/post-1705e32c.css]
[orchardsophias.com.sg/wp-content/plugins/elementor/assets/lib/animations/animations.min34a7.css]
[orchardsophias.com.sg/wp-content/plugins/elementor/assets/lib/font-awesome/css/regular.min52d5.css]
[orchardsophias.com.sg/wp-content/themes/astra/assets/js/minified/frontend.min8aee.js]
[orchardsophias.com.sg/wp-includes/js/dist/hooks.min4fdd.js]
[orchardsophias.com.sg/wp-includes/js/dist/i18n.minc33c.js]
[orchardsophias.com.sg/wp-content/plugins/contact-form-7/includes/swv/js/indexe2db.js]
[orchardsophias.com.sg/wp-content/plugins/contact-form-7/includes/js/indexe2db.js]
[orchardsophias.com.sg/wp-content/uploads/astra-addon/astra-addon-65d41bcc407cc0-7848701382d0.js]
[orchardsophias.com.sg/wp-content/plugins/ultimate-elementor/assets/lib/jquery-datatables/jquery.datatables.minc275.js]
[orchardsophias.com.sg/wp-content/plugins/ultimate-elementor/assets/min-js/uael-table.minc275.js]
[orchardsophias.com.sg/wp-content/plugins/ultimate-elementor/assets/min-js/uael-frontend.minc275.js]
[orchardsophias.com.sg/wp-content/plugins/elementor-pro/assets/js/webpack-pro.runtime.min2c7c.js]
[orchardsophias.com.sg/wp-content/plugins/elementor/assets/js/webpack.runtime.min34a7.js]
[orchardsophias.com.sg/wp-content/plugins/elementor/assets/js/frontend-modules.min34a7.js]
[orchardsophias.com.sg/wp-content/plugins/elementor-pro/assets/js/frontend.min2c7c.js]
[orchardsophias.com.sg/wp-content/plugins/elementor/assets/lib/waypoints/waypoints.min05da.js]
[orchardsophias.com.sg/wp-includes/js/jquery/ui/core.minb37e.js]
[orchardsophias.com.sg/wp-content/plugins/elementor/assets/js/frontend.min34a7.js]
[orchardsophias.com.sg/wp-content/plugins/elementor-pro/assets/js/elements-handlers.min2c7c.js]
[orchardsophias.com.sg/wp-content/plugins/elementor-pro/assets/lib/sticky/jquery.sticky.min2c7c.js]
[orchardsophias.com.sg/index.html]
[gmpg.org/xfn/11.html]
[fonts.googleapis.com/index.html]
[fonts.googleapis.com/css8858.css]
[fonts.googleapis.com/cssb5d1.css]
[fonts.gstatic.com/index.html]
[orchardsophias.com.sg/wp-content/uploads/elementor/css/post-23084cd8.css]
[orchardsophias.com.sg/wp-json/wp/v2/pages/2308.json]
[orchardsophias.com.sg/wp-json/oembed/1.0/embed359c.json]
[orchardsophias.com.sg/wp-json/oembed/1.0/embed0544]
[orchardsophias.com.sg/wp-content/uploads/social_lounge_of_orchard_sophia_condo_at_sophia_road_by_DB2land.jpg]
[orchardsophias.com.sg/wp-content/uploads/site_plan_for_orchard_sophia_condo_at_sophia_road_by_DB2land.jpg]
[orchardsophias.com.sg/wp-content/uploads/site_plan_for_orchard_sophia_condo_at_sophia_road_by_DB2land-1024x385.jpg]
[orchardsophias.com.sg/wp-content/uploads/spa_pool_of_orchard_sophia_condo_at_sophia_road_by_DB2land.jpg]
[orchardsophias.com.sg/wp-content/uploads/roof_top_dining_night_orchard_sophia_condo_at_sophia_road_by_DB2land.jpg]
[orchardsophias.com.sg/wp-content/uploads/elementor/css/post-22972161.css]
[orchardsophias.com.sg/site-plan/index.html]
[orchardsophias.com.sg/wp-content/uploads/elementor/css/post-23572161.css]
[orchardsophias.com.sg/wp-json/wp/v2/pages/2357.json]
[orchardsophias.com.sg/wp-json/oembed/1.0/embedd3fd.json]
[orchardsophias.com.sg/wp-json/oembed/1.0/embed32a5]
[orchardsophias.com.sg/wp-content/uploads/floor_plans_of_orchard_sophia_condo_at_sophia_road_by_DB2land.pdf]
[orchardsophias.com.sg/wp-content/uploads/1_bedroom_floor_plan_orchard_sophia_at_sophia_road.png]
[orchardsophias.com.sg/wp-content/uploads/2_bedroom_deluxe_floor_plan_orchard_sophia_at_sophia_road.png]
[orchardsophias.com.sg/wp-content/uploads/2_bedroom_premium_floor_plan_orchard_sophia_at_sophia_road.png]
[orchardsophias.com.sg/wp-content/uploads/2_bedroom_prestige_floor_plan_floor_plan_orchard_sophia_at_sophia_road.png]
[orchardsophias.com.sg/wp-content/uploads/3_bedroom_floor_plan_floor_plan_orchard_sophia_at_sophia_road.png]
[orchardsophias.com.sg/wp-content/uploads/3_bedroom_dual_key_floor_plan_floor_plan_orchard_sophia_at_sophia_road.png]
[orchardsophias.com.sg/floor-plans/index.html]
[orchardsophias.com.sg/wp-content/uploads/elementor/css/post-23693198.css]
[orchardsophias.com.sg/wp-json/wp/v2/pages/2369.json]
[orchardsophias.com.sg/wp-json/oembed/1.0/embed56b0.json]
[orchardsophias.com.sg/wp-json/oembed/1.0/embed42a4]
[orchardsophias.com.sg/wp-content/uploads/hero_shot_night_of_orchard_sophia_condo_at_sophia_road_by_DB2land.jpg]
[orchardsophias.com.sg/wp-content/uploads/pool_of_orchard_sophia_condo_at_sophia_road_by_DB2land.jpg]
[orchardsophias.com.sg/wp-content/uploads/lobby_of_orchard_sophia_condo_at_sophia_road_by_DB2land.jpg]
[orchardsophias.com.sg/wp-content/uploads/roof_top_dining_orchard_sophia_condo_at_sophia_road_by_DB2land.jpg]
[orchardsophias.com.sg/wp-content/uploads/roof_top_night_view_of_orchard_sophia_condo_at_sophia_road_by_DB2land.jpg]
[orchardsophias.com.sg/wp-content/plugins/elementor/assets/lib/e-gallery/css/e-gallery.min7359.css]
[orchardsophias.com.sg/wp-content/plugins/elementor/assets/lib/e-gallery/js/e-gallery.min7359.js]
[orchardsophias.com.sg/gallery/index.html]
[orchardsophias.com.sg/wp-content/uploads/elementor/css/post-23763645.css]
[orchardsophias.com.sg/wp-json/wp/v2/pages/2376.json]
[orchardsophias.com.sg/wp-json/oembed/1.0/embed236c.json]
[orchardsophias.com.sg/video/index.html]
[orchardsophias.com.sg/wp-json/oembed/1.0/embed5fe7]
[orchardsophias.com.sg/wp-content/uploads/elementor/css/post-234240a7.css]
[orchardsophias.com.sg/wp-json/wp/v2/pages/2342.json]
[orchardsophias.com.sg/wp-json/oembed/1.0/embedfb3f.json]
[orchardsophias.com.sg/wp-json/oembed/1.0/embed9988]
[orchardsophias.com.sg/wp-content/uploads/brochure_of_orchard_sophia_condo_at_sophia_road_by_DB2land.pdf]
[orchardsophias.com.sg/brochure/index.html]
[gmpg.org/xfn/.html]
[gmpg.org/xfn/intro.html]
[gmpg.org/xfn/faq.html]
[orchardsophias.com.sg/index1991.html]
[orchardsophias.com.sg/indexb50a.html]
[orchardsophias.com.sg/index57e2.html]
[orchardsophias.com.sg/index5b90.html]
[orchardsophias.com.sg/wp-content/uploads/brochure_cover_for_orchard_sophia_condo_at_sophia_road_by_DB2land-820x1024.png]
[orchardsophias.com.sg/indexeeae.html]
[orchardsophias.com.sg/wp-content/themes/astra/assets/css/minified/main.min8aee.css]
[orchardsophias.com.sg/wp-json/index.html]
[orchardsophias.com.sg/wp-json/wp/v2/pages/14.json]
[orchardsophias.com.sg/xmlrpc0db0.php]
[orchardsophias.com.sg/wp-content/plugins/contact-form-7/includes/css/stylese2db.css]
[orchardsophias.com.sg/wp-json/oembed/1.0/embedb953.json]
[orchardsophias.com.sg/wp-content/themes/astra/assets/css/minified/compatibility/contact-form-7-main.min8aee.css]
[orchardsophias.com.sg/wp-content/uploads/location_map_for_orchard_sophia_condo_at_sophia_road_by_DB2land.jpg]
[orchardsophias.com.sg/wp-content/plugins/unlimited-elementor-inner-sections-by-boomdevs/public/css/euis-public4b68.css]
[orchardsophias.com.sg/wp-content/uploads/roof_top_dining_orchard_sophia_condo_at_sophia_road_by_DB2land-1024x575.jpg]
[orchardsophias.com.sg/wp-content/uploads/astra-addon/astra-addon-65d41bcc402278-1630992082d0.css]
[orchardsophias.com.sg/wp-content/uploads/pool_of_orchard_sophia_condo_at_sophia_road_by_DB2land-1024x575.jpg]
[orchardsophias.com.sg/wp-content/plugins/elementor/assets/css/frontend-lite.min34a7.css]
[orchardsophias.com.sg/wp-content/uploads/schematic_diagram_for_orchard_sophia_condo_at_sophia_road_by_DB2land.jpg]
[orchardsophias.com.sg/wp-content/uploads/elementor/css/post-556e154.css]
[orchardsophias.com.sg/wp-content/uploads/db2land_logo_of_developer_for_orchard_sophia_condo_at_sophia_road.png]
[orchardsophias.com.sg/wp-content/uploads/lobby_of_orchard_sophia_condo_at_sophia_road_by_DB2land-1024x575.jpg]
[orchardsophias.com.sg/wp-content/plugins/elementor/assets/lib/eicons/fonts/eiconsb39f.eot]
[orchardsophias.com.sg/wp-content/plugins/elementor/assets/lib/eicons/fonts/eiconsb39f.woff2]
[orchardsophias.com.sg/wp-json/wp/v2/pages/2308.json]
[orchardsophias.com.sg/wp-content/plugins/elementor/assets/lib/eicons/fonts/eiconsb39f.woff]
[orchardsophias.com.sg/wp-json/oembed/1.0/embed359c.json]
[orchardsophias.com.sg/wp-content/uploads/social_lounge_of_orchard_sophia_condo_at_sophia_road_by_DB2land.jpg]
[orchardsophias.com.sg/wp-content/plugins/elementor/assets/lib/eicons/fonts/eiconsb39f.ttf]
[orchardsophias.com.sg/wp-content/uploads/site_plan_for_orchard_sophia_condo_at_sophia_road_by_DB2land.jpg]
[orchardsophias.com.sg/wp-content/plugins/elementor/assets/lib/eicons/css/elementor-icons.min50c3.css]
[orchardsophias.com.sg/wp-content/uploads/site_plan_for_orchard_sophia_condo_at_sophia_road_by_DB2land-1024x385.jpg]
[orchardsophias.com.sg/wp-content/plugins/elementor/assets/lib/swiper/css/swiper.min48f5.css]
[orchardsophias.com.sg/wp-content/uploads/spa_pool_of_orchard_sophia_condo_at_sophia_road_by_DB2land.jpg]
[orchardsophias.com.sg/wp-content/plugins/elementor/assets/lib/eicons/fonts/eiconsb39f.svg]
[orchardsophias.com.sg/wp-content/uploads/elementor/css/post-9e154.css]
[orchardsophias.com.sg/wp-content/uploads/roof_top_dining_night_orchard_sophia_condo_at_sophia_road_by_DB2land.jpg]
[orchardsophias.com.sg/wp-content/plugins/elementor-pro/assets/css/frontend-lite.min2c7c.css]
[orchardsophias.com.sg/wp-json/wp/v2/pages/2357.json]
[orchardsophias.com.sg/wp-json/oembed/1.0/embedd3fd.json]
[orchardsophias.com.sg/wp-content/plugins/ultimate-elementor/assets/min-css/uael-frontend.minc275.css]
[orchardsophias.com.sg/wp-content/uploads/floor_plans_of_orchard_sophia_condo_at_sophia_road_by_DB2land.pdf]
[orchardsophias.com.sg/wp-content/uploads/elementor/css/global9dbb.css]
[orchardsophias.com.sg/wp-content/uploads/1_bedroom_floor_plan_orchard_sophia_at_sophia_road.png]
[orchardsophias.com.sg/wp-content/uploads/elementor/css/post-149dbb.css]
[orchardsophias.com.sg/wp-content/uploads/2_bedroom_deluxe_floor_plan_orchard_sophia_at_sophia_road.png]
[orchardsophias.com.sg/wp-content/uploads/elementor/css/post-17529dbb.css]
[orchardsophias.com.sg/wp-json/oembed/1.0/embed32a5]
[orchardsophias.com.sg/wp-content/uploads/elementor/css/post-16169dbb.css]
[orchardsophias.com.sg/wp-content/uploads/2_bedroom_premium_floor_plan_orchard_sophia_at_sophia_road.png]
[orchardsophias.com.sg/wp-content/uploads/elementor/css/post-4839dbb.css]
[orchardsophias.com.sg/wp-content/uploads/2_bedroom_prestige_floor_plan_floor_plan_orchard_sophia_at_sophia_road.png]
[orchardsophias.com.sg/wp-content/uploads/3_bedroom_floor_plan_floor_plan_orchard_sophia_at_sophia_road.png]
[orchardsophias.com.sg/wp-content/uploads/3_bedroom_dual_key_floor_plan_floor_plan_orchard_sophia_at_sophia_road.png]
[orchardsophias.com.sg/wp-content/plugins/elementor/assets/lib/font-awesome/css/fontawesome.min52d5.css]
[orchardsophias.com.sg/wp-json/oembed/1.0/embed56b0.json]
[orchardsophias.com.sg/wp-json/wp/v2/pages/2369.json]
[orchardsophias.com.sg/wp-json/oembed/1.0/embed42a4]
[orchardsophias.com.sg/wp-content/plugins/elementor/assets/lib/font-awesome/webfonts/fa-solid-900.eot]
[orchardsophias.com.sg/wp-content/uploads/hero_shot_night_of_orchard_sophia_condo_at_sophia_road_by_DB2land.jpg]
[orchardsophias.com.sg/wp-content/plugins/elementor/assets/lib/font-awesome/webfonts/fa-solid-900d41d.eot]
[orchardsophias.com.sg/wp-content/uploads/pool_of_orchard_sophia_condo_at_sophia_road_by_DB2land.jpg]
[orchardsophias.com.sg/wp-content/plugins/elementor/assets/lib/font-awesome/webfonts/fa-solid-900.woff2]
[orchardsophias.com.sg/wp-content/uploads/lobby_of_orchard_sophia_condo_at_sophia_road_by_DB2land.jpg]
[orchardsophias.com.sg/wp-content/plugins/elementor/assets/lib/font-awesome/webfonts/fa-solid-900.woff]
[orchardsophias.com.sg/wp-content/uploads/roof_top_dining_orchard_sophia_condo_at_sophia_road_by_DB2land.jpg]
[orchardsophias.com.sg/wp-content/plugins/elementor/assets/lib/font-awesome/webfonts/fa-solid-900.ttf]
[orchardsophias.com.sg/wp-content/uploads/roof_top_night_view_of_orchard_sophia_condo_at_sophia_road_by_DB2land.jpg]
[orchardsophias.com.sg/wp-content/plugins/elementor/assets/lib/e-gallery/js/e-gallery.min7359.js]
[orchardsophias.com.sg/wp-content/plugins/elementor/assets/lib/font-awesome/css/solid.min52d5.css]
[orchardsophias.com.sg/wp-json/wp/v2/pages/2376.json]
[orchardsophias.com.sg/wp-json/oembed/1.0/embed236c.json]
[orchardsophias.com.sg/wp-content/plugins/elementor/assets/lib/font-awesome/webfonts/fa-solid-900.svg]
[orchardsophias.com.sg/wp-json/oembed/1.0/embed5fe7]
[orchardsophias.com.sg/wp-json/oembed/1.0/embed1f4d]
[orchardsophias.com.sg/wp-json/wp/v2/pages/2342.json]
[orchardsophias.com.sg/wp-content/uploads/brochure_cover_for_orchard_sophia_condo_at_sophia_road_by_DB2land-820x1024.png]
[orchardsophias.com.sg/wp-content/uploads/location-pin.svg]
[orchardsophias.com.sg/wp-content/plugins/elementor/assets/lib/eicons/fonts/eiconsb39f.eot]
[orchardsophias.com.sg/wp-content/uploads/tenure.svg]
[orchardsophias.com.sg/wp-content/plugins/elementor/assets/lib/eicons/fonts/eiconsb39f.woff2]
[orchardsophias.com.sg/wp-content/uploads/floorplan.svg]
[orchardsophias.com.sg/wp-content/plugins/elementor/assets/lib/eicons/fonts/eiconsb39f.woff]
[orchardsophias.com.sg/wp-content/uploads/calendar.svg]
[orchardsophias.com.sg/wp-content/plugins/elementor/assets/lib/eicons/fonts/eiconsb39f.ttf]
[orchardsophias.com.sg/wp-content/uploads/size-icon.svg]
[orchardsophias.com.sg/wp-content/plugins/elementor/assets/lib/font-awesome/webfonts/fa-solid-900.eot]
[orchardsophias.com.sg/wp-content/plugins/elementor/assets/lib/font-awesome/webfonts/fa-solid-900d41d.eot]
[orchardsophias.com.sg/wp-content/uploads/carpark-icon.svg]
[orchardsophias.com.sg/wp-content/plugins/elementor/assets/lib/font-awesome/webfonts/fa-solid-900.woff2]
[orchardsophias.com.sg/wp-content/uploads/contractor-icon.svg]
[orchardsophias.com.sg/wp-content/uploads/lot-number.svg]
[orchardsophias.com.sg/wp-content/uploads/architect-icon.svg]
[orchardsophias.com.sg/wp-content/uploads/mrt.svg]
[orchardsophias.com.sg/wp-content/uploads/mobilephone.svg]
[orchardsophias.com.sg/wp-content/uploads/the-continuum-condo-logo.html]
[orchardsophias.com.sg/wp-content/uploads/elementor/css/post-438511.css]
[orchardsophias.com.sg/wp-content/uploads/elementor/css/post-2300e32c.css]
[orchardsophias.com.sg/wp-content/uploads/elementor/css/post-1705e32c.css]
[orchardsophias.com.sg/wp-content/plugins/astra-addon/addons/nav-menu/assets/css/minified/magamenu-frontend.min82d0.css]
[orchardsophias.com.sg/wp-content/plugins/elementor/assets/lib/animations/animations.min34a7.css]
[orchardsophias.com.sg/wp-content/plugins/elementor/assets/lib/font-awesome/webfonts/fa-solid-900.woff]
[orchardsophias.com.sg/wp-content/plugins/elementor/assets/lib/font-awesome/webfonts/fa-solid-900.ttf]
[orchardsophias.com.sg/wp-content/plugins/elementor/assets/lib/font-awesome/webfonts/fa-regular-400.eot]
[orchardsophias.com.sg/wp-content/plugins/elementor/assets/lib/font-awesome/webfonts/fa-regular-400d41d.eot]
[orchardsophias.com.sg/wp-content/plugins/elementor/assets/lib/font-awesome/webfonts/fa-regular-400.woff2]
[orchardsophias.com.sg/wp-content/plugins/elementor/assets/lib/font-awesome/webfonts/fa-regular-400.woff]
[orchardsophias.com.sg/wp-content/plugins/elementor/assets/lib/font-awesome/webfonts/fa-regular-400.ttf]
[orchardsophias.com.sg/wp-content/plugins/elementor/assets/lib/font-awesome/css/regular.min52d5.css]
[gmpg.org/xfn/default.css]
[orchardsophias.com.sg/wp-content/uploads/elementor/css/post-23084cd8.css]
[orchardsophias.com.sg/wp-content/plugins/elementor/assets/lib/font-awesome/webfonts/fa-regular-400.svg]
[orchardsophias.com.sg/index1991.html]
[orchardsophias.com.sg/wp-json/oembed/1.0/embed0544]
[orchardsophias.com.sg/wp-content/uploads/elementor/css/post-22972161.css]
[orchardsophias.com.sg/wp-content/uploads/elementor/css/post-23572161.css]
[orchardsophias.com.sg/indexb50a.html]
[orchardsophias.com.sg/wp-content/uploads/elementor/css/post-23693198.css]
[orchardsophias.com.sg/index57e2.html]
[orchardsophias.com.sg/wp-content/plugins/elementor/assets/lib/e-gallery/css/e-gallery.min7359.css]
[orchardsophias.com.sg/wp-content/uploads/elementor/css/post-23763645.css]
[orchardsophias.com.sg/index5b90.html]
[orchardsophias.com.sg/wp-content/uploads/elementor/css/post-234240a7.css]
[orchardsophias.com.sg/indexeeae.html]
[orchardsophias.com.sg/wp-content/plugins/elementor/assets/lib/eicons/fonts/eiconsb39f.svg]
[orchardsophias.com.sg/wp-content/plugins/elementor/assets/lib/font-awesome/webfonts/fa-solid-900.svg]
[orchardsophias.com.sg/wp-content/plugins/elementor/assets/lib/font-awesome/webfonts/fa-regular-400.svg]
