[kong.cash/index.html]
[backblue.gif]
[fade.gif]
[index.html]
[kong.cash/cdn/shop/files/faviconb879.png]
[kong.cash/cdn/shop/t/8/assets/stylebe67.css]
[kong.cash/cdn/shopifycloud/shopify/assets/themes_support/option_selection-86cdd286ddf3be7e25d68b9fc5965d7798a3ff6228ff79af67b3f4e41d6a34be.js]
[kong.cash/checkouts/internal/preloads90f6.js]
[kong.cash/cdn/shopifycloud/shopify/assets/storefront/load_feature-1060834584ef204397b1179782a1b090047ee4397cb627244ab89e03f65c4307.js]
[kong.cash/cdn/shopifycloud/portable-wallets/latest/portable-wallets.en.js]
[kong.cash/POST]
[kong.cash/cdn]
[kong.cash/cdn/s/trekkie.storefront.bda1c7f8ce322425fd3b514c95d393292639cd34.min.js]
[kong.cash/cdn/shopifycloud/shopify/assets/shop_events_listener-61fa9e0a912c675e178777d2b27f6cbd482f8912a6b0aa31fa3515985a8cd626.js]
[kong.cash/cdn/shopifycloud/perf-kit/shopify-perf-kit-1.0.1.min.js]
[kong.cash/pages/lockdrop.html]
[kong.cash/cdn/shop/t/8/assets/home-physical068c.jpg]
[kong.cash/cdn/shop/t/8/assets/home-photo-grid-1e525.jpg]
[kong.cash/cdn/shop/t/8/assets/home-photo-grid-20fcf.jpg]
[kong.cash/cdn/shop/t/8/assets/home-photo-grid-3ecfc.jpg]
[kong.cash/cdn/shop/files/validatebc27.svg]
[kong.cash/cdn/shop/files/verify33a9.svg]
[kong.cash/cdn/shop/files/claim665c.svg]
[kong.cash/cdn/shop/files/13b54.jpg]
[kong.cash/cdn/shop/files/5680b.jpg]
[kong.cash/cdn/shop/files/109c26.jpg]
[kong.cash/cdn/shop/files/20ec62.jpg]
[kong.cash/cdn/shop/files/50b47c.jpg]
[kong.cash/cdn/shop/files/100823c.jpg]
[kong.cash/cdn/shop/files/5004669.jpg]
[kong.cash/pages/media.html]
[kong.cash/pages/privacy-policy.html]
[kong.cash/index.html]
[kong.cash/cdn/shop/t/8/assets/hinted-subset-GTWalsheimMedium4ff3.woff2]
[kong.cash/cdn/shop/t/8/assets/scriptsdec1.js]
[kong.cash/cdn/shop/t/8/assets/hinted-subset-GTWalsheimMedium39a5.woff]
[kong.cash/cdn/shop/t/8/assets/hinted-subset-GTWalsheimRegularf37a.woff2]
[kong.cash/cdn/shop/t/8/assets/hinted-subset-GTWalsheimRegular24f3.woff]
[kong.cash/cdn/shop/t/8/assets/hinted-subset-GTWalsheimBold9931.woff2]
[kong.cash/cdn/shop/t/8/assets/hinted-subset-GTWalsheimBold7d1a.woff]
[kong.cash/cdn/shop/t/8/assets/hinted-subset-InputMono-Regulare944.woff2]
[kong.cash/cdn/shop/t/8/assets/hinted-subset-InputMono-Regularb2be.woff]
[kong.cash/cdn/shop/t/8/assets/hinted-subset-GTWalsheimPro-CondensedBoldf080.woff2]
[kong.cash/cdn/shop/t/8/assets/hinted-subset-GTWalsheimPro-CondensedBold3573.woff]
[kong.cash/cdn/shop/t/8/assets/hinted-subset-InputMono-Mediumd0c3.woff2]
[kong.cash/cdn/shop/t/8/assets/hinted-subset-InputMono-Mediumc9ff.woff]
[kong.cash/cdn/shop/files/1c613.png]
[kong.cash/cdn/shop/files/51d7d.png]
[kong.cash/cdn/shop/files/101d7d.png]
[kong.cash/cdn/shop/files/20a5fa.png]
[kong.cash/cdn/shop/files/501d7d.png]
[kong.cash/cdn/shop/files/1009591.png]
[kong.cash/cdn/shop/files/5009266.png]
[kong.cash/cdn/shop/t/8/assets/spinnerea95.svg]
[kong.cash/cdn/shop/t/8/assets/stylebe67.css]
[kong.cash/POST.html]
[kong.cash/cdn.html]
[kong.cash/pages/POST]
[kong.cash/pages/lockdrop.html]
[kong.cash/cdn/shop/files/validatebc27.svg]
[kong.cash/cdn/shop/files/verify33a9.svg]
[kong.cash/cdn/shop/files/claim665c.svg]
[kong.cash/pages/media.html]
[kong.cash/pages/privacy-policy.html]
[kong.cash/cdn/shop/t/8/assets/spinnerea95.svg]
[kong.cash/pages/POST.html]
[kong.cash/cdn/shop/t/8/assets/lockdrop8b7d.js]
