[upgrademysite.wixsite.com/richco-developments.html]
[backblue.gif]
[fade.gif]
[index.html]
[upgrademysite.wixsite.com/c.1.delayed]
[upgrademysite.wixsite.com/t.2.delayed]
[upgrademysite.wixsite.com/index.html]
[upgrademysite.wixsite.com/richco-developments/company.html]
[upgrademysite.wixsite.com/richco-developments/management.html]
[upgrademysite.wixsite.com/richco-developments/projects.html]
[upgrademysite.wixsite.com/richco-developments/careers.html]
[upgrademysite.wixsite.com/richco-developments/contact.html]
[upgrademysite.wixsite.com/richco-developments/sitemap.html]
[upgrademysite.wixsite.com/richco-developments/book-online.html]
[upgrademysite.wixsite.com/sitemap.a.delayed]
[upgrademysite.wixsite.com/feed.b.delayed]
[upgrademysite.wixsite.com/${i.c.delayed]
[upgrademysite.wixsite.com/decodeURIComponent(e.d.delayed]
[upgrademysite.wixsite.com/richco-developments.html]
[upgrademysite.wixsite.com/c.html]
[upgrademysite.wixsite.com/t.html]
[upgrademysite.wixsite.com/index.html]
[upgrademysite.wixsite.com/richco-developments/c.e.delayed]
[upgrademysite.wixsite.com/richco-developments/t.f.delayed]
[upgrademysite.wixsite.com/richco-developments/robots.10.delayed]
[upgrademysite.wixsite.com/richco-developments/sitemap.xml]
[upgrademysite.wixsite.com/richco-developments/feed.12.delayed]
[upgrademysite.wixsite.com/richco-developments/${i.13.delayed]
[upgrademysite.wixsite.com/richco-developments/decodeURIComponent(e.14.delayed]
[upgrademysite.wixsite.com/richco-developments/company.html]
[upgrademysite.wixsite.com/richco-developments/management.html]
[upgrademysite.wixsite.com/richco-developments/projects/bay-towns,-barrie.html]
[upgrademysite.wixsite.com/richco-developments/projects/richco-signature,-oakville.html]
[upgrademysite.wixsite.com/richco-developments/projects/la-casa,-oakville.html]
[upgrademysite.wixsite.com/richco-developments/projects/the-georgian,-oakville.html]
[upgrademysite.wixsite.com/richco-developments/projects/the-chateau,-georgetown.html]
[upgrademysite.wixsite.com/richco-developments/projects/the-sinclair,-oakville.html]
[upgrademysite.wixsite.com/richco-developments/projects/the-sterling,-oakville.html]
[upgrademysite.wixsite.com/richco-developments/projects/the-wyndham,-oakville.html]
[upgrademysite.wixsite.com/richco-developments/projects/the-craftsman,-oakville.html]
[upgrademysite.wixsite.com/richco-developments/projects.html]
[upgrademysite.wixsite.com/richco-developments/careers.html]
[upgrademysite.wixsite.com/richco-developments/contact.html]
[upgrademysite.wixsite.com/richco-developments/sitemap.html]
[upgrademysite.wixsite.com/richco-developments/book-online.html]
[upgrademysite.wixsite.com/sitemap.html]
[upgrademysite.wixsite.com/feed.html]
[upgrademysite.wixsite.com/${i.html]
[upgrademysite.wixsite.com/decodeURIComponent(e.html]
[upgrademysite.wixsite.com/richco-developments/c.html]
[upgrademysite.wixsite.com/richco-developments/t.html]
[upgrademysite.wixsite.com/richco-developments/robots.html]
[upgrademysite.wixsite.com/richco-developments/feed.html]
[upgrademysite.wixsite.com/richco-developments/${i.html]
[upgrademysite.wixsite.com/richco-developments/decodeURIComponent(e.html]
[upgrademysite.wixsite.com/richco-developments/booking-calendar.html]
[upgrademysite.wixsite.com/richco-developments/projects/c.1f.delayed]
[upgrademysite.wixsite.com/richco-developments/projects/t.20.delayed]
[upgrademysite.wixsite.com/richco-developments/projects/media/emptystate.85a4add5.21.delayed]
[upgrademysite.wixsite.com/richco-developments/projects/robots.22.delayed]
[upgrademysite.wixsite.com/richco-developments/projects/sitemap.23.delayed]
[upgrademysite.wixsite.com/richco-developments/projects/feed.24.delayed]
[upgrademysite.wixsite.com/richco-developments/projects/${i.25.delayed]
[upgrademysite.wixsite.com/richco-developments/projects/bay-towns,-barrie.html]
[upgrademysite.wixsite.com/richco-developments/projects/richco-signature,-oakville.html]
[upgrademysite.wixsite.com/richco-developments/projects/la-casa,-oakville.html]
[upgrademysite.wixsite.com/richco-developments/projects/the-georgian,-oakville.html]
[upgrademysite.wixsite.com/richco-developments/projects/the-chateau,-georgetown.html]
[upgrademysite.wixsite.com/richco-developments/projects/the-sinclair,-oakville.html]
[upgrademysite.wixsite.com/richco-developments/projects/the-sterling,-oakville.html]
[upgrademysite.wixsite.com/richco-developments/projects/the-wyndham,-oakville.html]
[upgrademysite.wixsite.com/richco-developments/projects/the-craftsman,-oakville.html]
[upgrademysite.wixsite.com/richco-developments/booking-calendar.html]
[upgrademysite.wixsite.com/richco-developments/projects/c.html]
[upgrademysite.wixsite.com/richco-developments/projects/t.html]
[upgrademysite.wixsite.com/richco-developments/projects/media/emptystate.85a4add5.html]
[upgrademysite.wixsite.com/richco-developments/projects/robots.html]
[upgrademysite.wixsite.com/richco-developments/projects/sitemap.html]
[upgrademysite.wixsite.com/richco-developments/projects/feed.html]
[upgrademysite.wixsite.com/richco-developments/projects/${i.html]
[upgrademysite.wixsite.com/richco-developments/projects/decodeURIComponent(e.html]
[upgrademysite.wixsite.com/richco-developments/projects/decodeURIComponent(e.html]
